
C:\Users\hp>cd C:\Users\hp\Desktop\projectx\proje

C:\Users\hp\Desktop\projectx\proje>git init
Initialized empty Git repository in C:/Users/hp/Desktop/projectx/proje/.git/

C:\Users\hp\Desktop\projectx\proje>ls -a
'ls' is not recognized as an internal or external command,
operable program or batch file.

C:\Users\hp\Desktop\projectx\proje>git status
On branch master

No commits yet

Untracked files:
  (use "git add <file>..." to include in what will be committed)
        text.html

nothing added to commit but untracked files present (use "git add" to track)

C:\Users\hp\Desktop\projectx\proje>git add text.html

C:\Users\hp\Desktop\projectx\proje>git status
On branch master

No commits yet

Changes to be committed:
  (use "git rm --cached <file>..." to unstage)
        new file:   text.html


C:\Users\hp\Desktop\projectx\proje>clear
'clear' is not recognized as an internal or external command,
operable program or batch file.

C:\Users\hp\Desktop\projectx\proje>git commit -m "create text.html"
[master (root-commit) 559f91d] create text.html
 1 file changed, 12 insertions(+)
 create mode 100644 text.html

C:\Users\hp\Desktop\projectx\proje>git status
On branch master
nothing to commit, working tree clean

C:\Users\hp\Desktop\projectx\proje>git status
On branch master
Changes not staged for commit:
  (use "git add <file>..." to update what will be committed)
  (use "git restore <file>..." to discard changes in working directory)
        modified:   text.html

no changes added to commit (use "git add" and/or "git commit -a")

C:\Users\hp\Desktop\projectx\proje>git add texte.html
fatal: pathspec 'texte.html' did not match any files

C:\Users\hp\Desktop\projectx\proje>git status
On branch master
Changes not staged for commit:
  (use "git add <file>..." to update what will be committed)
  (use "git restore <file>..." to discard changes in working directory)
        modified:   text.html

no changes added to commit (use "git add" and/or "git commit -a")

C:\Users\hp\Desktop\projectx\proje>git add text.html

C:\Users\hp\Desktop\projectx\proje>git status
On branch master
Changes to be committed:
  (use "git restore --staged <file>..." to unstage)
        modified:   text.html


C:\Users\hp\Desktop\projectx\proje>git commit -m"add to text.html"
[master e042bb1] add to text.html
 1 file changed, 1 insertion(+), 1 deletion(-)

C:\Users\hp\Desktop\projectx\proje>git status
On branch master
nothing to commit, working tree clean
